16 Mar 2026 14:20:28,137 INFO com.sismics.util.jpa.EMF.getEntityManagerProperties(EMF.java:67) Configuring EntityManager from hibernate.properties 
16 Mar 2026 14:20:28,908 INFO com.sismics.util.jpa.DbOpenHelper.open(DbOpenHelper.java:57) Opening database and executing incremental updates 
16 Mar 2026 14:20:28,912 INFO com.sismics.util.jpa.DbOpenHelper.open(DbOpenHelper.java:106) Found database version 31, new version is 31, executing database incremental update scripts 
16 Mar 2026 14:20:28,912 INFO com.sismics.util.jpa.DbOpenHelper.open(DbOpenHelper.java:108) Database upgrade complete 
16 Mar 2026 14:20:28,913 INFO com.sismics.util.jpa.EMF.getEntityManagerProperties(EMF.java:67) Configuring EntityManager from hibernate.properties 
16 Mar 2026 14:20:30,646 INFO com.sismics.util.ClasspathScanner.findClasses(ClasspathScanner.java:48) Found 1 classes for IndexingHandler 
16 Mar 2026 14:20:30,683 INFO com.sismics.docs.core.util.indexing.LuceneIndexingHandler.initLucene(LuceneIndexingHandler.java:129) Using RAM Lucene storage 
16 Mar 2026 14:20:30,746 INFO com.sismics.docs.core.service.FileService.startUp(FileService.java:39) File service starting up 
16 Mar 2026 14:20:30,749 INFO com.sismics.docs.core.service.InboxService.startUp(InboxService.java:52) Inbox service starting up 
16 Mar 2026 14:20:30,750 INFO com.sismics.docs.core.service.FileSizeService.startUp(FileSizeService.java:30) File size service starting up 
16 Mar 2026 14:20:31,009 INFO com.sismics.docs.core.service.FileSizeService.lambda$runOneIteration$0(FileSizeService.java:50) No more file to process, stopping the service 
16 Mar 2026 14:20:31,010 INFO com.sismics.docs.core.service.FileSizeService.shutDown(FileSizeService.java:35) File size service shutting down 
16 Mar 2026 14:21:00,005 INFO com.sismics.util.ClasspathScanner.findClasses(ClasspathScanner.java:48) Found 2 classes for AuthenticationHandler 
16 Mar 2026 14:21:20,151 INFO com.sismics.docs.core.service.InboxService.shutDown(InboxService.java:57) Inbox service shutting down 
16 Mar 2026 14:21:20,151 INFO com.sismics.docs.core.service.FileService.shutDown(FileService.java:44) File service shutting down 
16 Mar 2026 14:23:55,511 INFO com.sismics.util.jpa.EMF.getEntityManagerProperties(EMF.java:67) Configuring EntityManager from hibernate.properties 
16 Mar 2026 14:23:56,032 INFO com.sismics.util.jpa.DbOpenHelper.open(DbOpenHelper.java:57) Opening database and executing incremental updates 
16 Mar 2026 14:23:56,035 INFO com.sismics.util.jpa.DbOpenHelper.open(DbOpenHelper.java:106) Found database version 31, new version is 31, executing database incremental update scripts 
16 Mar 2026 14:23:56,035 INFO com.sismics.util.jpa.DbOpenHelper.open(DbOpenHelper.java:108) Database upgrade complete 
16 Mar 2026 14:23:56,036 INFO com.sismics.util.jpa.EMF.getEntityManagerProperties(EMF.java:67) Configuring EntityManager from hibernate.properties 
16 Mar 2026 14:23:57,939 INFO com.sismics.util.ClasspathScanner.findClasses(ClasspathScanner.java:48) Found 1 classes for IndexingHandler 
16 Mar 2026 14:23:55,877 INFO com.sismics.docs.core.util.indexing.LuceneIndexingHandler.initLucene(LuceneIndexingHandler.java:129) Using RAM Lucene storage 
16 Mar 2026 14:23:55,938 INFO com.sismics.docs.core.service.FileService.startUp(FileService.java:39) File service starting up 
16 Mar 2026 14:23:55,941 INFO com.sismics.docs.core.service.InboxService.startUp(InboxService.java:52) Inbox service starting up 
16 Mar 2026 14:23:55,943 INFO com.sismics.docs.core.service.FileSizeService.startUp(FileSizeService.java:30) File size service starting up 
16 Mar 2026 14:23:56,205 INFO com.sismics.docs.core.service.FileSizeService.lambda$runOneIteration$0(FileSizeService.java:50) No more file to process, stopping the service 
16 Mar 2026 14:23:56,206 INFO com.sismics.docs.core.service.FileSizeService.shutDown(FileSizeService.java:35) File size service shutting down 
16 Mar 2026 14:24:32,207 INFO com.sismics.util.ClasspathScanner.findClasses(ClasspathScanner.java:48) Found 2 classes for AuthenticationHandler 
16 Mar 2026 14:25:30,416 INFO com.sismics.docs.core.listener.async.PasswordLostAsyncListener.on(PasswordLostAsyncListener.java:37) Password lost event: PasswordLostEvent{user=UserDto{id=admin, username=admin, email=admin@localhost}, passwordRecovery=**hidden**} 
16 Mar 2026 14:25:30,423 INFO com.sismics.util.EmailUtil.sendEmail(EmailUtil.java:85) Sending email from template=password_recovery to user UserDto{id=admin, username=admin, email=admin@localhost} 
16 Mar 2026 14:25:30,429 ERROR com.sismics.util.EmailUtil.sendEmail(EmailUtil.java:167) Error sending email with template=password_recovery to user UserDto{id=admin, username=admin, email=admin@localhost} 
java.lang.IllegalStateException: Config parameter not found: SMTP_HOSTNAME
	at com.sismics.docs.core.util.ConfigUtil.getConfigStringValue(ConfigUtil.java:25)
	at com.sismics.util.EmailUtil.sendEmail(EmailUtil.java:97)
	at com.sismics.util.EmailUtil.sendEmail(EmailUtil.java:181)
	at com.sismics.docs.core.listener.async.PasswordLostAsyncListener.lambda$on$0(PasswordLostAsyncListener.java:49)
	at com.sismics.docs.core.util.TransactionUtil.handle(TransactionUtil.java:47)
	at com.sismics.docs.core.listener.async.PasswordLostAsyncListener.on(PasswordLostAsyncListener.java:40)
	at java.base/jdk.internal.reflect.DirectMethodHandleAccessor.invoke(DirectMethodHandleAccessor.java:103)
	at java.base/java.lang.reflect.Method.invoke(Method.java:580)
	at com.google.common.eventbus.Subscriber.invokeSubscriberMethod(Subscriber.java:85)
	at com.google.common.eventbus.Subscriber.lambda$dispatchEvent$0(Subscriber.java:71)
	at java.base/java.util.concurrent.ThreadPoolExecutor.runWorker(ThreadPoolExecutor.java:1144)
	at java.base/java.util.concurrent.ThreadPoolExecutor$Worker.run(ThreadPoolExecutor.java:642)
	at java.base/java.lang.Thread.run(Thread.java:1583)
16 Mar 2026 14:27:05,304 INFO com.sismics.docs.core.service.InboxService.shutDown(InboxService.java:57) Inbox service shutting down 
16 Mar 2026 14:27:05,304 INFO com.sismics.docs.core.service.FileService.shutDown(FileService.java:44) File service shutting down 
